../Src/main.c:133:6:TMC6100_Write	40	static
../Src/main.c:151:6:TMC4671_Write	40	static
../Src/main.c:174:10:TMC6100_Read	48	static
../Src/main.c:192:10:TMC4671_Read	48	static
../Src/main.c:214:6:TMC6100_Init	16	static
../Src/main.c:308:6:TMC4671_Init	16	static
../Src/main.c:630:6:TMC4671_test	8	static
../Src/main.c:643:6:TMC4671_PI_tuning	24	static
../Src/main.c:673:6:TMC4671_test_after_PI_tuning	8	static
../Src/main.c:686:6:TMC4671_velocity_mode_test	8	static
../Src/main.c:698:6:TMC4671_position_mode_test	8	static
../Src/main.c:732:5:main	8	static
../Src/main.c:815:6:SystemClock_Config	88	static
../Src/main.c:862:13:MX_SPI3_Init	8	static
../Src/main.c:902:13:MX_GPIO_Init	40	static
../Src/main.c:945:6:Error_Handler	4	static,ignoring_inline_asm
